// Jest Snapshot v1, https://goo.gl/fbAQLP

exports[`renders correctly 1`] = `
<div>
  Pitchme.io
  <nav>
    <div>
      <span>
        Home 
      </span>
      <span>
        Start a Pitch 
      </span>
      <span>
        How it works 
      </span>
      <span>
        Companies 
      </span>
      <span>
        Sign in 
      </span>
      <span>
        Sign up 
      </span>
    </div>
    <div>
      <input
        name="search"
        placeholder="Search"
        type="text"
      />
    </div>
  </nav>
  <section>
    <div>
      PREV
    </div>
    <div>
      <section>
        <div>
          <iframe
            allowfullscreen={true}
            frameborder="0"
            height="360"
            mozallowfullscreen={true}
            src="https://player.vimeo.com/video/206456987"
            webkitallowfullscreen={true}
            width="640"
          />
        </div>
      </section>
      <section>
        <div>
          <p>
            Shift
          </p>
          <p>
            Switch between Gmail accounts like a boss
          </p>
        </div>
      </section>
    </div>
    <div>
      NEXT
    </div>
  </section>
  <section>
    <table>
      <tbody>
        <tr>
          <td>
            <section>
              <div>
                <iframe
                  allowfullscreen={true}
                  frameborder="0"
                  height="360"
                  mozallowfullscreen={true}
                  src="https://player.vimeo.com/video/206456987"
                  webkitallowfullscreen={true}
                  width="640"
                />
              </div>
            </section>
            <section>
              <div>
                <p>
                  Shift
                </p>
                <p>
                  Switch between Gmail accounts like a boss
                </p>
              </div>
            </section>
          </td>
          <td>
            <section>
              <div>
                <iframe
                  allowfullscreen={true}
                  frameborder="0"
                  height="360"
                  mozallowfullscreen={true}
                  src="https://player.vimeo.com/video/206456987"
                  webkitallowfullscreen={true}
                  width="640"
                />
              </div>
            </section>
            <section>
              <div>
                <p>
                  Shift
                </p>
                <p>
                  Switch between Gmail accounts like a boss
                </p>
              </div>
            </section>
          </td>
        </tr>
        <tr>
          <td>
            <section>
              <div>
                <iframe
                  allowfullscreen={true}
                  frameborder="0"
                  height="360"
                  mozallowfullscreen={true}
                  src="https://player.vimeo.com/video/206456987"
                  webkitallowfullscreen={true}
                  width="640"
                />
              </div>
            </section>
            <section>
              <div>
                <p>
                  Shift
                </p>
                <p>
                  Switch between Gmail accounts like a boss
                </p>
              </div>
            </section>
          </td>
          <td>
            <section>
              <div>
                <iframe
                  allowfullscreen={true}
                  frameborder="0"
                  height="360"
                  mozallowfullscreen={true}
                  src="https://player.vimeo.com/video/206456987"
                  webkitallowfullscreen={true}
                  width="640"
                />
              </div>
            </section>
            <section>
              <div>
                <p>
                  Shift
                </p>
                <p>
                  Switch between Gmail accounts like a boss
                </p>
              </div>
            </section>
          </td>
        </tr>
      </tbody>
    </table>
  </section>
  <footer>
    <div>
      Copyright Gallant Gazelles 2017
    </div>
    <div>
      <span>
        Home 
      </span>
      <span>
        About Us 
      </span>
      <span>
        FAQ 
      </span>
      <span>
        Privacy Policy 
      </span>
      <span>
        Support
      </span>
    </div>
  </footer>
</div>
`;
