// Jest Snapshot v1, https://goo.gl/fbAQLP

exports[`renders correctly 1`] = `
<footer>
  <div>
    Copyright Gallant Gazelles 2017
  </div>
  <div>
    <span>
      Home 
    </span>
    <span>
      About Us 
    </span>
    <span>
      FAQ 
    </span>
    <span>
      Privacy Policy 
    </span>
    <span>
      Support
    </span>
  </div>
</footer>
`;
